[25823:0x102801c00]       44 ms: Scavenge 3.1 (9.0) -> 2.8 (10.0) MB, 0.9 / 0.0 ms  allocation failure 
[25823:0x102801c00]       45 ms: Scavenge 3.0 (10.0) -> 3.0 (11.0) MB, 0.9 / 0.0 ms  allocation failure 
[25823:0x102801c00]       45 ms: Scavenge 3.7 (11.0) -> 3.7 (13.0) MB, 0.5 / 0.0 ms  allocation failure 
[25823:0x102801c00]       47 ms: Scavenge 5.0 (13.0) -> 4.9 (14.0) MB, 1.1 / 0.0 ms  allocation failure 
[25823:0x102801c00]       49 ms: Scavenge 5.7 (14.0) -> 5.7 (19.0) MB, 1.4 / 0.0 ms  allocation failure 
[25823:0x102801c00]       53 ms: Scavenge 8.9 (19.0) -> 8.8 (20.0) MB, 2.5 / 0.0 ms  allocation failure 
[25823:0x102801c00]       56 ms: Scavenge 9.6 (20.0) -> 9.6 (31.0) MB, 3.2 / 0.0 ms  allocation failure 
[25823:0x102801c00]       63 ms: Scavenge 16.6 (31.0) -> 16.4 (31.0) MB, 4.4 / 0.0 ms  allocation failure 
[25823:0x102801c00]       70 ms: Scavenge 17.4 (31.0) -> 17.4 (54.0) MB, 6.4 / 0.0 ms  allocation failure 
[25823:0x102801c00]       84 ms: Scavenge 32.2 (54.0) -> 31.9 (55.0) MB, 8.6 / 0.0 ms  allocation failure 
[25823:0x102801c00]       98 ms: Scavenge 33.2 (55.0) -> 33.2 (70.0) MB, 13.4 / 0.0 ms  allocation failure 
[25823:0x102801c00]      108 ms: Scavenge 47.6 (70.0) -> 47.5 (71.0) MB, 8.6 / 0.0 ms  allocation failure 
[25823:0x102801c00]      121 ms: Scavenge 48.9 (71.0) -> 48.9 (86.0) MB, 12.3 / 0.0 ms  allocation failure 
[25823:0x102801c00]      131 ms: Scavenge 64.0 (86.8) -> 64.0 (87.8) MB, 7.5 / 0.0 ms  allocation failure 
[25823:0x102801c00]      145 ms: Scavenge 65.5 (87.8) -> 65.5 (102.8) MB, 13.9 / 0.0 ms  allocation failure 
[25823:0x102801c00]      153 ms: Scavenge 79.8 (102.8) -> 79.8 (103.8) MB, 6.7 / 0.0 ms  allocation failure 
[25823:0x102801c00]      166 ms: Scavenge 81.2 (103.8) -> 81.2 (118.8) MB, 12.4 / 0.0 ms  allocation failure 
[25823:0x102801c00]      176 ms: Scavenge 96.7 (120.1) -> 96.7 (121.1) MB, 7.3 / 0.0 ms  allocation failure 
[25823:0x102801c00]      189 ms: Scavenge 98.2 (121.1) -> 98.2 (136.1) MB, 13.7 / 0.0 ms  allocation failure 
[25823:0x102801c00]      197 ms: Scavenge 112.5 (136.1) -> 112.5 (137.1) MB, 6.4 / 0.0 ms  allocation failure 
[25823:0x102801c00]      210 ms: Scavenge 113.9 (137.1) -> 113.9 (152.1) MB, 12.4 / 0.0 ms  allocation failure 
[25823:0x102801c00]      218 ms: Scavenge 128.2 (152.1) -> 128.2 (153.1) MB, 6.4 / 0.0 ms  allocation failure 
[25823:0x102801c00]      231 ms: Scavenge 129.6 (153.1) -> 129.6 (168.1) MB, 12.4 / 0.0 ms  allocation failure 
[25823:0x102801c00]      240 ms: Scavenge 145.8 (169.9) -> 145.8 (170.9) MB, 6.8 / 0.0 ms  allocation failure 
[25823:0x102801c00]      252 ms: Scavenge 147.2 (170.9) -> 147.2 (185.9) MB, 12.2 / 0.0 ms  allocation failure 
[25823:0x102801c00]      261 ms: Scavenge 161.5 (185.9) -> 161.5 (186.9) MB, 6.9 / 0.0 ms  allocation failure 
[25823:0x102801c00]      274 ms: Scavenge 162.9 (186.9) -> 162.9 (201.9) MB, 13.3 / 0.0 ms  allocation failure 
[25823:0x102801c00]      282 ms: Scavenge 177.2 (201.9) -> 177.2 (202.9) MB, 6.4 / 0.0 ms  allocation failure 
[25823:0x102801c00]      295 ms: Scavenge 178.7 (202.9) -> 178.7 (217.9) MB, 12.2 / 0.0 ms  allocation failure 
[25823:0x102801c00]      303 ms: Scavenge 193.0 (217.9) -> 193.0 (218.9) MB, 6.4 / 0.0 ms  allocation failure 
[25823:0x102801c00]      315 ms: Scavenge 194.4 (218.9) -> 194.4 (233.9) MB, 12.5 / 0.0 ms  allocation failure 
[25823:0x102801c00]      326 ms: Scavenge 211.5 (236.7) -> 211.4 (237.7) MB, 7.1 / 0.0 ms  allocation failure 
[25823:0x102801c00]      338 ms: Scavenge 212.9 (237.7) -> 212.9 (252.7) MB, 12.2 / 0.0 ms  allocation failure 
[25823:0x102801c00] Increasing marking speed to 3 due to high promotion rate
[25823:0x102801c00]      358 ms: Scavenge 227.2 (252.7) -> 227.2 (266.7) MB, 13.0 / 0.0 ms  (+ 4.9 ms in 226 steps since last GC) allocation failure 
[25823:0x102801c00]      389 ms: Scavenge 241.0 (266.7) -> 241.0 (282.7) MB, 13.9 / 0.0 ms  (+ 15.4 ms in 445 steps since last GC) allocation failure 
[25823:0x102801c00]      427 ms: Scavenge 256.7 (282.7) -> 256.7 (298.7) MB, 17.0 / 0.0 ms  (+ 19.2 ms in 694 steps since last GC) allocation failure 
[25823:0x102801c00]      463 ms: Scavenge 272.4 (298.7) -> 272.4 (314.7) MB, 14.2 / 0.0 ms  (+ 18.8 ms in 943 steps since last GC) allocation failure 
[25823:0x102801c00]      509 ms: Scavenge 288.1 (314.7) -> 288.1 (330.7) MB, 14.1 / 0.0 ms  (+ 30.0 ms in 1192 steps since last GC) allocation failure 
[25823:0x102801c00]      540 ms: Mark-sweep 298.9 (330.7) -> 293.8 (326.7) MB, 5.3 / 0.0 ms  (+ 113.1 ms in 1364 steps since start of marking, biggest step 0.3 ms) GC interrupt GC in old space requested
[25823:0x102801c00]      560 ms: Scavenge 302.8 (330.9) -> 302.8 (340.9) MB, 14.7 / 0.0 ms  allocation failure 
[25823:0x102801c00]      571 ms: Scavenge 313.6 (340.9) -> 313.6 (345.9) MB, 8.3 / 0.0 ms  allocation failure 
[25823:0x102801c00]      583 ms: Scavenge 318.6 (345.9) -> 318.5 (356.9) MB, 10.8 / 0.0 ms  allocation failure 
[25823:0x102801c00]      592 ms: Scavenge 329.4 (356.9) -> 329.4 (361.9) MB, 8.3 / 0.0 ms  allocation failure 
[25823:0x102801c00]      603 ms: Scavenge 334.3 (361.9) -> 334.3 (372.9) MB, 10.8 / 0.0 ms  allocation failure 
[25823:0x102801c00]      613 ms: Scavenge 345.1 (372.9) -> 345.1 (377.9) MB, 8.3 / 0.0 ms  allocation failure 
[25823:0x102801c00]      625 ms: Scavenge 350.0 (377.9) -> 350.0 (388.9) MB, 11.7 / 0.0 ms  allocation failure 
[25823:0x102801c00]      636 ms: Scavenge 360.8 (388.9) -> 360.8 (393.9) MB, 9.5 / 0.0 ms  allocation failure 
[25823:0x102801c00]      648 ms: Scavenge 365.8 (393.9) -> 365.8 (404.9) MB, 11.5 / 0.0 ms  allocation failure 
[25823:0x102801c00]      658 ms: Scavenge 376.6 (404.9) -> 376.6 (409.9) MB, 8.5 / 0.0 ms  allocation failure 
[25823:0x102801c00]      670 ms: Scavenge 381.5 (409.9) -> 381.5 (420.9) MB, 11.5 / 0.0 ms  allocation failure 
[25823:0x102801c00]      679 ms: Scavenge 392.3 (420.9) -> 392.3 (425.9) MB, 8.5 / 0.0 ms  allocation failure 
[25823:0x102801c00]      691 ms: Scavenge 397.2 (425.9) -> 397.2 (436.9) MB, 11.2 / 0.0 ms  allocation failure 
[25823:0x102801c00]      701 ms: Scavenge 408.1 (436.9) -> 408.1 (441.9) MB, 8.6 / 0.0 ms  allocation failure 
[25823:0x102801c00]      713 ms: Scavenge 413.0 (441.9) -> 413.0 (452.9) MB, 11.2 / 0.0 ms  allocation failure 
[25823:0x102801c00]      722 ms: Scavenge 423.8 (452.9) -> 423.8 (457.9) MB, 8.2 / 0.0 ms  allocation failure 
[25823:0x102801c00]      734 ms: Scavenge 428.7 (457.9) -> 428.7 (468.9) MB, 10.9 / 0.0 ms  allocation failure 
[25823:0x102801c00]      743 ms: Scavenge 439.5 (468.9) -> 439.5 (473.9) MB, 8.2 / 0.0 ms  allocation failure 
[25823:0x102801c00]      754 ms: Scavenge 444.4 (473.9) -> 444.4 (484.9) MB, 10.8 / 0.0 ms  allocation failure 
[25823:0x102801c00]      768 ms: Scavenge 461.4 (491.1) -> 461.4 (496.1) MB, 8.7 / 0.0 ms  allocation failure 
[25823:0x102801c00]      779 ms: Scavenge 466.4 (496.1) -> 466.4 (507.1) MB, 11.0 / 0.0 ms  allocation failure 
[25823:0x102801c00]      789 ms: Scavenge 477.2 (507.1) -> 477.2 (512.1) MB, 8.4 / 0.0 ms  allocation failure 
[25823:0x102801c00]      800 ms: Scavenge 482.1 (512.1) -> 482.1 (523.1) MB, 10.9 / 0.0 ms  allocation failure 
[25823:0x102801c00]      810 ms: Scavenge 492.9 (523.1) -> 492.9 (528.1) MB, 8.4 / 0.0 ms  allocation failure 
[25823:0x102801c00]      821 ms: Scavenge 497.8 (528.1) -> 497.8 (539.1) MB, 10.8 / 0.0 ms  allocation failure 
[25823:0x102801c00]      830 ms: Scavenge 508.7 (539.1) -> 508.6 (544.1) MB, 8.2 / 0.0 ms  allocation failure 
[25823:0x102801c00]      842 ms: Scavenge 513.6 (544.1) -> 513.6 (555.1) MB, 11.2 / 0.0 ms  allocation failure 
[25823:0x102801c00]      853 ms: Scavenge 524.4 (555.1) -> 524.4 (560.1) MB, 9.4 / 0.0 ms  allocation failure 
[25823:0x102801c00]      864 ms: Scavenge 529.3 (560.1) -> 529.3 (571.1) MB, 10.9 / 0.0 ms  allocation failure 
[25823:0x102801c00]      873 ms: Scavenge 540.1 (571.1) -> 540.1 (576.1) MB, 8.2 / 0.0 ms  allocation failure 
[25823:0x102801c00]      885 ms: Scavenge 545.1 (576.1) -> 545.0 (587.1) MB, 10.7 / 0.0 ms  allocation failure 
[25823:0x102801c00]      894 ms: Scavenge 555.9 (587.1) -> 555.9 (592.1) MB, 8.4 / 0.0 ms  allocation failure 
[25823:0x102801c00]      906 ms: Scavenge 560.8 (592.1) -> 560.8 (603.1) MB, 10.7 / 0.0 ms  allocation failure 
[25823:0x102801c00]      915 ms: Scavenge 571.6 (603.1) -> 571.6 (608.1) MB, 8.2 / 0.0 ms  allocation failure 
[25823:0x102801c00]      926 ms: Scavenge 576.5 (608.1) -> 576.5 (619.1) MB, 10.8 / 0.0 ms  allocation failure 
[25823:0x102801c00]      935 ms: Scavenge 587.3 (619.1) -> 587.3 (624.1) MB, 8.3 / 0.0 ms  allocation failure 
[25823:0x102801c00]      947 ms: Scavenge 592.3 (624.1) -> 592.3 (635.1) MB, 11.0 / 0.0 ms  allocation failure 
[25823:0x102801c00]      956 ms: Scavenge 603.1 (635.1) -> 603.1 (640.1) MB, 8.2 / 0.0 ms  allocation failure 
[25823:0x102801c00]      968 ms: Scavenge 608.0 (640.1) -> 608.0 (651.1) MB, 10.9 / 0.0 ms  allocation failure 
[25823:0x102801c00]      977 ms: Scavenge 618.8 (651.1) -> 618.8 (656.1) MB, 8.4 / 0.0 ms  allocation failure 
[25823:0x102801c00]      989 ms: Scavenge 623.7 (656.1) -> 623.7 (667.1) MB, 10.9 / 0.0 ms  allocation failure 
[25823:0x102801c00]      998 ms: Scavenge 634.5 (667.1) -> 634.5 (672.1) MB, 8.3 / 0.0 ms  allocation failure 
[25823:0x102801c00]     1011 ms: Scavenge 639.5 (672.1) -> 639.5 (683.1) MB, 12.1 / 0.0 ms  allocation failure 
[25823:0x102801c00]     1021 ms: Scavenge 650.3 (683.1) -> 650.3 (688.1) MB, 9.2 / 0.0 ms  allocation failure 
[25823:0x102801c00]     1033 ms: Scavenge 655.2 (688.1) -> 655.2 (699.1) MB, 11.2 / 0.0 ms  allocation failure 
[25823:0x102801c00]     1043 ms: Scavenge 666.0 (699.1) -> 666.0 (704.1) MB, 8.3 / 0.0 ms  allocation failure 
[25823:0x102801c00]     1054 ms: Scavenge 670.9 (704.1) -> 670.9 (715.1) MB, 11.3 / 0.0 ms  allocation failure 
[25823:0x102801c00]     1071 ms: Scavenge 691.0 (724.4) -> 691.0 (729.4) MB, 9.3 / 0.0 ms  allocation failure 
[25823:0x102801c00]     1083 ms: Scavenge 696.0 (729.4) -> 696.0 (740.4) MB, 11.1 / 0.0 ms  allocation failure 
[25823:0x102801c00]     1093 ms: Scavenge 706.8 (740.4) -> 706.8 (745.4) MB, 8.6 / 0.0 ms  allocation failure 
[25823:0x102801c00]     1105 ms: Scavenge 711.7 (745.4) -> 711.7 (756.4) MB, 11.3 / 0.0 ms  allocation failure 
[25823:0x102801c00]     1114 ms: Scavenge 722.5 (756.4) -> 722.5 (761.4) MB, 8.4 / 0.0 ms  allocation failure 
[25823:0x102801c00]     1126 ms: Scavenge 727.4 (761.4) -> 727.4 (772.4) MB, 11.2 / 0.0 ms  allocation failure 
[25823:0x102801c00]     1136 ms: Scavenge 738.2 (772.4) -> 738.2 (777.4) MB, 8.6 / 0.0 ms  allocation failure 
[25823:0x102801c00]     1148 ms: Scavenge 743.2 (777.4) -> 743.2 (788.4) MB, 11.2 / 0.0 ms  allocation failure 
[25823:0x102801c00]     1158 ms: Scavenge 754.0 (788.4) -> 754.0 (793.4) MB, 9.3 / 0.0 ms  allocation failure 
[25823:0x102801c00]     1170 ms: Scavenge 758.9 (793.4) -> 758.9 (804.4) MB, 11.2 / 0.0 ms  allocation failure 
[25823:0x102801c00]     1180 ms: Scavenge 769.7 (804.4) -> 769.7 (809.4) MB, 8.7 / 0.0 ms  allocation failure 
[25823:0x102801c00]     1194 ms: Scavenge 774.6 (809.4) -> 774.6 (820.4) MB, 13.7 / 0.0 ms  allocation failure 
[25823:0x102801c00]     1206 ms: Scavenge 785.4 (820.4) -> 785.4 (825.4) MB, 10.7 / 0.0 ms  allocation failure 
[25823:0x102801c00]     1221 ms: Scavenge 790.4 (825.4) -> 790.4 (836.4) MB, 13.9 / 0.0 ms  allocation failure 
[25823:0x102801c00]     1231 ms: Scavenge 801.2 (836.4) -> 801.2 (841.4) MB, 8.9 / 0.0 ms  allocation failure 
[25823:0x102801c00]     1243 ms: Scavenge 806.1 (841.4) -> 806.1 (852.4) MB, 11.2 / 0.0 ms  allocation failure 
[25823:0x102801c00]     1253 ms: Scavenge 816.9 (852.4) -> 816.9 (857.4) MB, 8.6 / 0.0 ms  allocation failure 
[25823:0x102801c00]     1265 ms: Scavenge 821.9 (857.4) -> 821.8 (868.4) MB, 11.4 / 0.0 ms  allocation failure 
[25823:0x102801c00]     1277 ms: Scavenge 832.6 (868.4) -> 832.6 (873.4) MB, 11.1 / 0.0 ms  allocation failure 
